http://pwhtte.top:8080/get.php?username=1&password=1&type=m3u_plus&output=m3u8
http://pwhtte.top:8080/get.php?username=7181716047440164&password=db91064d5fc9&type=m3u_plus
http://pwhtte.top:8080/get.php?username=7181716047440164&password=db91064d5fc9&type=m3u_plus&output=m3u8
http://pwhtte.top:8080/get.php?username=711677580752328071&password=e72341099e68&type=m3u_plus
http://pwhtte.top:8080/get.php?username=711677580752328071&password=e72341099e68&type=m3u_plus&output=m3u8
http://pwhtte.top:8080/xmltv.php?username=711677580752328071&password=e72341099e68
http://pwhtte.top:8080/get.php?username=9501744770967713&password=4c2890021cd0&type=m3u_plus
http://pwhtte.top:8080/get.php?username=9501744770967713&password=4c2890021cd0&type=m3u_plus&output=m3u8
http://pwhtte.top:8080/get.php?username=2721743776616704&password=1445a247edee&type=m3u_plus
http://pwhtte.top:8080/get.php?username=2721743776616704&password=1445a247edee&type=m3u_plus&output=m3u8
http://pwhtte.top:8080/get.php?username=1021746389362742&password=c815eafe9d8e&type=m3u_plus
http://pwhtte.top:8080/get.php?username=1021746389362742&password=c815eafe9d8e&type=m3u_plus&output=m3u8
http://pwhtte.top:8080/get.php?username=481727410780182&password=b731397f6c76&type=m3u_plus
http://pwhtte.top:8080/get.php?username=481727410780182&password=b731397f6c76&type=m3u_plus&output=m3u8
http://pwhtte.top:8080/get.php?username=561668337780183045&password=11700148521020&type=m3u_plus
http://pwhtte.top:8080/get.php?username=561668337780183045&password=11700148521020&type=m3u_plus&output=m3u8
http://pwhtte.top:8080/get.php?username=1961724085830175&password=a253a9e5eac1&type=m3u_plus
http://pwhtte.top:8080/get.php?username=1961724085830175&password=a253a9e5eac1&type=m3u_plus&output=m3u8
http://pwhtte.top:8080/get.php?username=9591725098094178&password=a46ce55d10cb&type=m3u_plus
http://pwhtte.top:8080/get.php?username=9591725098094178&password=a46ce55d10cb&type=m3u_plus&output=m3u8
http://pwhtte.top:8080/get.php?username=2671746633110747&password=e3a221e5e3fc&type=m3u_plus
http://pwhtte.top:8080/get.php?username=2671746633110747&password=e3a221e5e3fc&type=m3u_plus&output=m3u8
http://pwhtte.top:8080/get.php?username=851699883936001&password=21699883936744&type=m3u_plus
http://pwhtte.top:8080/get.php?username=851699883936001&password=21699883936744&type=m3u_plus&output=m3u8
http://pwhtte.top:8080/get.php?username=Rnieto&password=00000000&type=m3u_plus&output=m3u8
http://pwhtte.top:8080/get.php?username=751679265750406074&password=41699813787591&type=m3u_plus
http://pwhtte.top:8080/get.php?username=751679265750406074&password=41699813787591&type=m3u_plus&output=m3u8
http://pwhtte.top:8080/get.php?username=621709989088003&password=42c1cb38cf85&type=m3u_plus
http://pwhtte.top:8080/get.php?username=621709989088003&password=42c1cb38cf85&type=m3u_plus&output=m3u8
http://pwhtte.top:8080/get.php?username=9561662685687212&password=71693068530&type=m3u_plus
http://pwhtte.top:8080/get.php?username=9561662685687212&password=71693068530&type=m3u_plus&output=m3u8
http://pwhtte.top:8080/get.php?username=8541747291893760&password=0e62b6b4417a&type=m3u_plus
http://pwhtte.top:8080/get.php?username=8541747291893760&password=0e62b6b4417a&type=m3u_plus&output=m3u8
http://pwhtte.top:8080/get.php?username=351683296128086&password=31700880242750&type=m3u_plus
http://pwhtte.top:8080/get.php?username=351683296128086&password=31700880242750&type=m3u_plus&output=m3u8
http://pwhtte.top:8080/get.php?username=27172979093034&password=41737393581292&type=m3u_plus
http://pwhtte.top:8080/get.php?username=27172979093034&password=41737393581292&type=m3u_plus&output=m3u8
http://pwhtte.top:8080/get.php?username=1501725213818178&password=54853a9cf872&type=m3u_plus
http://pwhtte.top:8080/get.php?username=1501725213818178&password=54853a9cf872&type=m3u_plus&output=m3u8
http://pwhtte.top:8080/xmltv.php?username=1501725213818178&password=54853a9cf872
http://pwhtte.top:8080/get.php?username=4851745604609728&password=0d1d3a679736&type=m3u_plus
http://pwhtte.top:8080/get.php?username=4851745604609728&password=0d1d3a679736&type=m3u_plus&output=m3u8
http://tv.diablotv.net:8080/get.php?username=alexruizpumas&password=EBVgmT6eN5&type=m3u_plus
http://tv.diablotv.net:8080/get.php?username=Blackbox001&password=eafPxt4Gkx&type=m3u_plus
http://tv.diablotv.net:8080/get.php?username=AntorchaCamElago123sf34&password=YUp3wVLWxE&type=m3u_plus
http://tv.diablotv.net:8080/get.php?username=marceloan12&password=fUUKxzz9rJ&type=m3u_plus
http://tv.diablotv.net:8080/get.php?username=maelejalde02&password=vQXTtzt7gD&type=m3u_plus
http://tv.diablotv.net:8080/get.php?username=penagosluz1&password=reNM2jcGvt&type=m3u_plus
http://tv.diablotv.net:8080/get.php?username=CIEGO24&password=5881581fe0e8&type=m3u_plus
http://tv.diablotv.net:8080/get.php?username=sebastianbtt2026YU&password=5NnVw3E9nY&type=m3u_plus
http://tv.diablotv.net:8080/get.php?username=mariliscastro&password=smFKJNkZFT&type=m3u_plus
http://tv.diablotv.net:8080/get.php?username=ceci77arias&password=a7Bbhf43jA&type=m3u_plus
http://tv.diablotv.net:8080/get.php?username=famiga1&password=UE5tvMvvmj&type=m3u_plus
http://tv.diablotv.net:8080/get.php?username=zA68WQVVQr&password=6uVtknCmHG&type=m3u_plus
http://tv.diablotv.net:8080/get.php?username=Teoriadelcaos334&password=G5vc8CDkXQ&type=m3u_plus
http://tv.diablotv.net:8080/get.php?username=alexacasbe1&password=znDmgRE72x&type=m3u_plus
http://tv.diablotv.net:8080/get.php?username=Henry26&password=atwEgnaaWU&type=m3u_plus
http://tv.diablotv.net:8080/get.php?username=yaniel8372&password=8U3g5xdJKS&type=m3u_plus
http://tv.diablotv.net:8080/get.php?username=catanoclaudia1&password=pgtF9mQGcA&type=m3u_plus
http://tv.diablotv.net:8080/get.php?username=OsmelViera25&password=tjZqHZH8dt&type=m3u_plus
http://tv.diablotv.net:8080/get.php?username=arellanopaola&password=CYB2Afrj2A&type=m3u_plus
http://tv.diablotv.net:8080/get.php?username=GLL2863839&password=d47864b3d1d1&type=m3u_plus
http://tv.diablotv.net:8080/get.php?username=NorbertoCar2206&password=e1fe4512fa04&type=m3u_plus
http://tv.diablotv.net:8080/get.php?username=thibaunt22&password=ed4cc2d726be&type=m3u_plus
http://tv.diablotv.net:8080/get.php?username=ronald001&password=JgC9FGpbzt&type=m3u_plus
http://tv.diablotv.net:8080/get.php?username=Zpr6HbaAjh&password=Dr85YnsX2F&type=m3u_plus
http://tv.diablotv.net:8080/get.php?username=qbanote311&password=BgQVk1mnNU&type=m3u_plus
http://tv.diablotv.net:8080/get.php?username=hurtadoandres1&password=sAPSFY2Fpk&type=m3u_plus
http://tv.diablotv.net:8080/get.php?username=aburgos21&password=20e3e78b7f9e&type=m3u_plus
http://tv.diablotv.net:8080/get.php?username=cesarlopez1&password=bvNstZvqSp&type=m3u_plus
http://tv.diablotv.net:8080/get.php?username=Lore2026&password=W5CVEFtwPm&type=m3u_plus
http://tv.diablotv.net:8080/get.php?username=alonsolozanos&password=4c7ed0dd8b4b&type=m3u_plus
http://tv.diablotv.net:8080/get.php?username=cali1523&password=NGchPMZwHX&type=m3u_plus
http://tv.diablotv.net:8080/get.php?username=azprox745&password=zYeybAs7EP&type=m3u_plus
http://tv.diablotv.net:8080/get.php?username=Sebas2026&password=zCSMQrmMEb&type=m3u_plus
http://tv.diablotv.net:8080/get.php?username=BayronDCH&password=c5f78f8e4b62&type=m3u_plus
http://tv.diablotv.net:8080/get.php?username=rog37iocu4&password=a61391378dd2&type=m3u_plus
http://tv.diablotv.net:8080/get.php?username=caminaandre1&password=c1af7209a2b4&type=m3u_plus
http://tv.diablotv.net:8080/get.php?username=Zunyurien54&password=svGn3BSHb9&type=m3u_plus
http://tv.diablotv.net:8080/get.php?username=dubanrojas&password=2082959ee19d&type=m3u_plus
http://tv.diablotv.net:8080/get.php?username=erikaravina06&password=5382c816d4a2&type=m3u_plus
http://tv.diablotv.net:8080/get.php?username=mrllobissimo1&password=fe4258e030d3&type=m3u_plus
http://tv.diablotv.net:8080/get.php?username=Antony&password=e56ee45c861a&type=m3u_plus
http://tv.diablotv.net:8080/get.php?username=juarezewok&password=guerrero59&type=m3u_plus
http://tv.diablotv.net:8080/get.php?username=Delgado90221&password=be43e3d3322e&type=m3u_plus
http://tv.diablotv.net:8080/get.php?username=martreyes1&password=T12sv7cbjI&type=m3u_plus
http://tv.diablotv.net:8080/get.php?username=Sina5501&password=70e6601f0f55&type=m3u_plus
http://starlatino.tv:8880/get.php?username=perlomun&password=f9eKNb4PQ4py&type=m3u_plus
http://starlatino.tv:8880/get.php?username=HL7E9qP8Y3QN&password=7GJLRjZnjck8&type=m3u_plus
http://starlatino.tv:8880/get.php?username=carro11&password=cgqgveKUBRqL&type=m3u_plus
http://starlatino.tv:8880/get.php?username=Jrcope1%40&password=8J2mC6UNq69E&type=m3u_plus
http://starlatino.tv:8880/get.php?username=treintadias02&password=NWUFj8GbYZHM&type=m3u_plus
http://starlatino.tv:8880/get.php?username=678ggter45ca&password=yAR8nG3KXz3y&type=m3u_plus
http://starlatino.tv:8880/get.php?username=Sheylla234&password=mxn7kPgtdKnK&type=m3u_plus
http://starlatino.tv:8880/get.php?username=klever1512&password=jegXn3sKcxD3&type=m3u_plus
http://avefenixtv.com:8080/get.php?username=25juliosagas&password=DaJ3YCq3bV&type=m3u_plus
http://avefenixtv.com:8080/get.php?username=Sarmiento2026&password=Sarmiento2026&type=m3u_plus
http://avefenixtv.com:8080/get.php?username=guillermo_ramos&password=Ramos2023G&type=m3u_plus
http://avefenixtv.com:8080/get.php?username=Cr1sdqgKdhpz&password=R0DTwJJvpdeG&type=m3u_plus
http://avefenixtv.com:8080/get.php?username=DPVAxMo52G&password=A2812201526&type=m3u_plus
http://avefenixtv.com:8080/get.php?username=rafaelzambrano01&password=rafaelza01&type=m3u_plus
http://avefenixtv.com:8080/get.php?username=mauricio12345&password=12345mauricio&type=m3u_plus
http://avefenixtv.com:8080/get.php?username=Jhonatan202203casano&password=WTUeaCdn2W&type=m3u_plus
http://avefenixtv.com:8080/get.php?username=marco_goncalves&password=Goncalves2022M&type=m3u_plus
http://avefenixtv.com:8080/get.php?username=8manuelgudiel&password=H9k475QxTZ&type=m3u_plus
http://avefenixtv.com:8080/get.php?username=pXKTerpJmKQ5&password=FrGezF9MnAAW&type=m3u_plus
http://avefenixtv.com:8080/get.php?username=ArmandoVSMX25&password=MP8AFMYE7w&type=m3u_plus
http://avefenixtv.com:8080/get.php?username=laura_zelaya&password=Zelaya2022L&type=m3u_plus
http://avefenixtv.com:8080/get.php?username=mark_romero&password=Romero2022M&type=m3u_plus
http://avefenixtv.com:8080/get.php?username=RonyAlexander2022&password=we4jFKVtc3&type=m3u_plus
http://avefenixtv.com:8080/get.php?username=alejandro_lenin&password=Lenin2023A&type=m3u_plus
http://avefenixtv.com:8080/get.php?username=vidalmartinez&password=gdFFSefW2C&type=m3u_plus
http://avefenixtv.com:8080/get.php?username=gustavoiaru63&password=wedsax9637&type=m3u_plus
http://avefenixtv.com:8080/get.php?username=Premium2025za&password=VPFxZd9atQ&type=m3u_plus
http://avefenixtv.com:8080/get.php?username=jose_chavez&password=Chavez2022J&type=m3u_plus
http://avefenixtv.com:8080/get.php?username=JuanUSVS24&password=e7qEeJvVvq&type=m3u_plus
http://avefenixtv.com:8080/get.php?username=Hector_C&password=TRx95tFTuF&type=m3u_plus
http://avefenixtv.com:8080/get.php?username=JuanFernando2&password=Fernando3627J&type=m3u_plus
http://avefenixtv.com:8080/get.php?username=Hg2NCUtvxxWx&password=vFGHGMX4CJWN&type=m3u_plus
http://avefenixtv.com:8080/get.php?username=Rigo971cruz&password=R1971berto&type=m3u_plus
http://avefenixtv.com:8080/get.php?username=OSC474710&password=eXwFr8u3rc&type=m3u_plus
http://avefenixtv.com:8080/get.php?username=isa584salas&password=ZcGwcuVfw27m&type=m3u_plus
http://avefenixtv.com:8080/get.php?username=FLAVIANAHOLA&password=afr45j123N7&type=m3u_plus
http://avefenixtv.com:8080/get.php?username=gilbertoking&password=aZLwiv7TUB&type=m3u_plus
http://avefenixtv.com:8080/get.php?username=Luisd7788$&password=v7kKThHW7d&type=m3u_plus
http://avefenixtv.com:8080/get.php?username=brancomed2024&password=8kFbXvRrHrRn&type=m3u_plus
http://avefenixtv.com:8080/get.php?username=jose_vega01&password=Vega2023JV&type=m3u_plus
http://avefenixtv.com:8080/get.php?username=gatf2fgsdv23sd&password=dasasda32ad2&type=m3u_plus
http://avefenixtv.com:8080/get.php?username=Oliver1234&password=Oliver1234&type=m3u_plus
http://avefenixtv.com:8080/get.php?username=Fernando00&password=Fernando00&type=m3u_plus
http://avefenixtv.com:8080/get.php?username=ivette_alvarado&password=Alvarado2022&type=m3u_plus
http://avefenixtv.com:8080/get.php?username=WILL68851893&password=D5rCHm7su8&type=m3u_plus
http://avefenixtv.com:8080/get.php?username=AdanMontes&password=11122023AM&type=m3u_plus
http://avefenixtv.com:8080/get.php?username=premiumtv336&password=A4p4PuGGc4&type=m3u_plus
http://avefenixtv.com:8080/get.php?username=hg2fdg23bdg3&password=dsdsa23ds232&type=m3u_plus
http://avefenixtv.com:8080/get.php?username=rey_estrada&password=Estrada2022R&type=m3u_plus
http://avefenixtv.com:8080/get.php?username=Fernandovega4&password=ASDGHJnbvcx6&type=m3u_plus
http://avefenixtv.com:8080/get.php?username=CR60554370&password=NETGO78291&type=m3u_plus
http://avefenixtv.com:8080/get.php?username=AxelTinico2022&password=ys6ZU3mV6U&type=m3u_plus
http://avefenixtv.com:8080/get.php?username=pablo522soto&password=482vnei341&type=m3u_plus
http://avefenixtv.com:8080/get.php?username=car682cris&password=33vj6ru3z8&type=m3u_plus
http://avefenixtv.com:8080/get.php?username=Katherine999&password=Katherine999&type=m3u_plus
http://avefenixtv.com:8080/get.php?username=Nelson2029&password=Nelson2029&type=m3u_plus
http://avefenixtv.com:8080/get.php?username=GerardoAntonio&password=G3H7ybaXgQ&type=m3u_plus
http://avefenixtv.com:8080/get.php?username=Edwin18gus1&password=28co4xrW90&type=m3u_plus
http://avefenixtv.com:8080/get.php?username=fran252san&password=sqvvBYAXRRKG&type=m3u_plus
http://avefenixtv.com:8080/get.php?username=Hector1234&password=1234Hector&type=m3u_plus
http://avefenixtv.com:8080/get.php?username=jaimechavez&password=JK6xn9CV3ZdU&type=m3u_plus
http://avefenixtv.com:8080/get.php?username=AngelGonzalez&password=ruW3GTRwcg7z&type=m3u_plus
http://avefenixtv.com:8080/get.php?username=Darwin2003&password=Darwin2003&type=m3u_plus
http://avefenixtv.com:8080/get.php?username=Byron2023&password=Byron2023&type=m3u_plus
http://avefenixtv.com:8080/get.php?username=martin-mayta2022&password=martin-mayta2022&type=m3u_plus
http://avefenixtv.com:8080/get.php?username=jackson-castillo2022&password=jackson-castillo2022&type=m3u_plus
http://avefenixtv.com:8080/get.php?username=DASHBOARD2026NW&password=RzmcjUq2PS&type=m3u_plus
http://avefenixtv.com:8080/get.php?username=carlos_castillo2&password=Castillo2023C&type=m3u_plus
http://avefenixtv.com:8080/get.php?username=hhagg2dg2gsd2&password=sdsa3dsf3erffdf&type=m3u_plus
http://avefenixtv.com:8080/get.php?username=15donaldoflores&password=XBhgv5TVr9&type=m3u_plus
http://avefenixtv.com:8080/get.php?username=luis-bobadilla2022&password=luis-bobadilla2022&type=m3u_plus
http://avefenixtv.com:8080/get.php?username=Will1123tullu&password=hTJ9t3q8fQ&type=m3u_plus
http://avefenixtv.com:8080/get.php?username=richard-azabache2024&password=richard-azabache2024&type=m3u_plus
http://avefenixtv.com:8080/get.php?username=hermeshdz1&password=x6ZuNfV42X&type=m3u_plus
http://avefenixtv.com:8080/get.php?username=Fernando1990&password=Fernando1990&type=m3u_plus
http://avefenixtv.com:8080/get.php?username=bernard_echenique&password=Echenique2022B&type=m3u_plus
http://avefenixtv.com:8080/get.php?username=deron_garcia&password=Garcia2022D&type=m3u_plus
http://avefenixtv.com:8080/get.php?username=locoxmotagua&password=Motagua2021&type=m3u_plus
http://avefenixtv.com:8080/get.php?username=VerScape9347&password=VerScape93&type=m3u_plus
http://avefenixtv.com:8080/get.php?username=ser682mun&password=5w49evr21&type=m3u_plus
http://avefenixtv.com:8080/get.php?username=kat684lillo&password=WsMGuxBFpLZP&type=m3u_plus
http://avefenixtv.com:8080/get.php?username=hsgggew4g&password=sdf42sf22f4&type=m3u_plus
http://avefenixtv.com:8080/get.php?username=ubaldo428&password=parra271p&type=m3u_plus
http://avefenixtv.com:8080/get.php?username=Bzjuliosa1123&password=2023JSaGreDo&type=m3u_plus
http://avefenixtv.com:8080/get.php?username=20villacorta&password=T5HkZX3CyS&type=m3u_plus
http://avefenixtv.com:8080/get.php?username=and921agui&password=Rk39nz3xP&type=m3u_plus
http://avefenixtv.com:8080/get.php?username=amau617ava&password=nLwUz3dWwW4D&type=m3u_plus
http://avefenixtv.com:8080/get.php?username=DPVEduardoEspa&password=Espa020828&type=m3u_plus
http://avefenixtv.com:8080/get.php?username=iva611gom&password=R48crR9wd0&type=m3u_plus
http://avefenixtv.com:8080/get.php?username=M5JHEBYN9s5y&password=RgrpZETuCUSZ&type=m3u_plus
http://avefenixtv.com:8080/get.php?username=46jsZGBnqvZB&password=43y5hPA8P4RG&type=m3u_plus
http://avefenixtv.com:8080/get.php?username=jose_puac1&password=TEtxrbMZWA9R&type=m3u_plus
http://avefenixtv.com:8080/get.php?username=emerson_argenal&password=Argenal2021E&type=m3u_plus
http://avefenixtv.com:8080/get.php?username=JORGETEXIDOR&password=a363d9e35c22f910&type=m3u_plus
http://avefenixtv.com:8080/get.php?username=maick@9142&password=huuschsKex&type=m3u_plus
http://avefenixtv.com:8080/get.php?username=GariCaviedes&password=CaviedesL23&type=m3u_plus
http://avefenixtv.com:8080/get.php?username=Carrillojose&password=8d9agXS24G&type=m3u_plus
http://tv-max.online:8080/get.php?username=Jor584qui&password=vZfU5jmx2Qb7&type=m3u_plus
http://tv-max.online:8080/get.php?username=pablo522soto&password=482vnei341&type=m3u_plus
http://tv-max.online:8080/get.php?username=GerardoAntonio&password=G3H7ybaXgQ&type=m3u_plus
http://tv-max.online:8080/get.php?username=FLAVIANAHOLA&password=afr45j123N7&type=m3u_plus
http://tv-max.online:8080/get.php?username=brancomed2024&password=8kFbXvRrHrRn&type=m3u_plus
http://tv-max.online:8080/get.php?username=eve519mart&password=Eic4rotd38&type=m3u_plus
http://tv-max.online:8080/get.php?username=17marcosagui&password=d8sa9r27Ar&type=m3u_plus
http://tv-max.online:8080/get.php?username=richard-azabache2024&password=richard-azabache2024&type=m3u_plus
http://tv-max.online:8080/get.php?username=Cr1sdqgKdhpz&password=R0DTwJJvpdeG&type=m3u_plus
http://tv-max.online:8080/get.php?username=ser682mun&password=5w49evr21&type=m3u_plus
http://tv-max.online:8080/get.php?username=8manuelgudiel&password=H9k475QxTZ&type=m3u_plus
